// 重构日志: 9338defa
// 重构日志: c3719c25
// 同步 ID: 66a5e949 @ Wed Jul 29 15:35:34 UTC 2026
// 重构日志: 71635af4
// 重构日志: 2515cb57
// 重构日志: fba98b1d
// 重构日志: 3d5171d2
// 同步 ID: d58b0a79 @ Thu Jul 30 17:24:11 UTC 2026
// 重构日志: 2c94e3cd
// 重构日志: 2100ad3a
// 重构日志: 8ddb16d7
// 重构日志: 1f905a4e
// 同步 ID: b2d02d71 @ Sat Aug  1 17:30:56 UTC 2026
// 重构日志: 8ffd68c3
// 重构日志: f63b365d
// 同步 ID: 9a99a3de @ Mon Aug  3 00:33:23 UTC 2026
// 同步 ID: fd6fdd61 @ Mon Aug  3 08:20:17 UTC 2026
// 重构日志: 91ef1d72
// 同步 ID: 8f4484f3 @ Tue Aug  4 12:37:17 UTC 2026
// 重构日志: ffb62226
// 重构日志: 3713f16e
// 重构日志: 7c977fb6
// 重构日志: c7490959
// 同步 ID: 2d5a69ed @ Fri Aug  7 09:40:19 UTC 2026
// 重构日志: 301ae730
// 重构日志: 4cdbbd82
// 重构日志: 44fe9bcf
// 重构日志: 2958b83e
// 同步 ID: c48dfbe2 @ Sat Aug  8 18:13:18 UTC 2026
// 同步 ID: 75de4a89 @ Sat Aug  8 20:24:16 UTC 2026
